// Jest Snapshot v1, https://goo.gl/fbAQLP

exports[`Login expect(component).toMatchSnapshot(); 1`] = `
Object {
  "asFragment": [Function],
  "baseElement": <body>
    <div>
      <div>
        <h2>
          Employee Polls
        </h2>
        <img
          alt="login"
          class="poll-image"
          src="login.png"
        />
        <form
          class="login-form"
        >
          <h3>
            Log In
          </h3>
          <label>
            User
          </label>
          <input
            class="login-input"
            placeholder="username"
            type="text"
            value=""
          />
          <label>
            Password
          </label>
          <input
            class="login-input"
            placeholder="password"
            type="password"
            value=""
          />
          <button
            class="login-btn"
            type="submit"
          >
            Login
          </button>
        </form>
        <div
          class="notes"
        >
          <p>
            You can use:
          </p>
          <p>
            username: tylermcginnis
          </p>
          <p>
            password: 123456
          </p>
        </div>
      </div>
    </div>
  </body>,
  "container": <div>
    <div>
      <h2>
        Employee Polls
      </h2>
      <img
        alt="login"
        class="poll-image"
        src="login.png"
      />
      <form
        class="login-form"
      >
        <h3>
          Log In
        </h3>
        <label>
          User
        </label>
        <input
          class="login-input"
          placeholder="username"
          type="text"
          value=""
        />
        <label>
          Password
        </label>
        <input
          class="login-input"
          placeholder="password"
          type="password"
          value=""
        />
        <button
          class="login-btn"
          type="submit"
        >
          Login
        </button>
      </form>
      <div
        class="notes"
      >
        <p>
          You can use:
        </p>
        <p>
          username: tylermcginnis
        </p>
        <p>
          password: 123456
        </p>
      </div>
    </div>
  </div>,
  "debug": [Function],
  "findAllByAltText": [Function],
  "findAllByDisplayValue": [Function],
  "findAllByLabelText": [Function],
  "findAllByPlaceholderText": [Function],
  "findAllByRole": [Function],
  "findAllByTestId": [Function],
  "findAllByText": [Function],
  "findAllByTitle": [Function],
  "findByAltText": [Function],
  "findByDisplayValue": [Function],
  "findByLabelText": [Function],
  "findByPlaceholderText": [Function],
  "findByRole": [Function],
  "findByTestId": [Function],
  "findByText": [Function],
  "findByTitle": [Function],
  "getAllByAltText": [Function],
  "getAllByDisplayValue": [Function],
  "getAllByLabelText": [Function],
  "getAllByPlaceholderText": [Function],
  "getAllByRole": [Function],
  "getAllByTestId": [Function],
  "getAllByText": [Function],
  "getAllByTitle": [Function],
  "getByAltText": [Function],
  "getByDisplayValue": [Function],
  "getByLabelText": [Function],
  "getByPlaceholderText": [Function],
  "getByRole": [Function],
  "getByTestId": [Function],
  "getByText": [Function],
  "getByTitle": [Function],
  "queryAllByAltText": [Function],
  "queryAllByDisplayValue": [Function],
  "queryAllByLabelText": [Function],
  "queryAllByPlaceholderText": [Function],
  "queryAllByRole": [Function],
  "queryAllByTestId": [Function],
  "queryAllByText": [Function],
  "queryAllByTitle": [Function],
  "queryByAltText": [Function],
  "queryByDisplayValue": [Function],
  "queryByLabelText": [Function],
  "queryByPlaceholderText": [Function],
  "queryByRole": [Function],
  "queryByTestId": [Function],
  "queryByText": [Function],
  "queryByTitle": [Function],
  "rerender": [Function],
  "unmount": [Function],
}
`;
